{
  "rules": [
    {
      "id": "",
      "kind": "raw",
      "enabled": true,
      "interfaces": [],
      "description": "",
      "text": "match out on $wan from $lan : network nat-to ( $wan : 0 )"
    },
    {
      "id": "",
      "kind": "raw",
      "enabled": true,
      "interfaces": [],
      "description": "",
      "text": "pass in quick on $wan proto tcp to port 443 rdr-to 192.168.1.20"
    }
  ],
  "errors": null,
  "warnings": []
}